// Jest Snapshot v1, https://goo.gl/fbAQLP

exports[`matches snapshot 1`] = `
<DocumentFragment>
  <div
    class="home-content"
  >
    <h3
      class="home-heading"
    >
      Welcome to Jobly!
    </h3>
    <div
      class="home-links"
    >
      <a
        class="Link"
        href="/signup"
      >
        Signup
      </a>
      <br />
      <a
        class="Link"
        href="/login"
      >
        Login
      </a>
    </div>
  </div>
</DocumentFragment>
`;
