// Jest Snapshot v1, https://goo.gl/fbAQLP

exports[`matches snapshot 1`] = `
<DocumentFragment>
  <div
    class="login-form"
  >
    <form>
      <div
        class="login-div"
      >
        <label
          for="firstName"
        >
          <h6
            class="login-input-label"
          >
            Username
          </h6>
        </label>
        <input
          class="login-input"
          id="username"
          name="username"
          type="text"
          value="AlexReitz"
        />
      </div>
      <div
        class="login-div"
      >
        <label
          for="firstName"
        >
          <h6
            class="login-input-label"
          >
            Password
          </h6>
        </label>
        <input
          class="login-input"
          id="password"
          name="password"
          type="password"
          value="password"
        />
      </div>
      <button
        id="login"
      >
        Login
      </button>
    </form>
  </div>
</DocumentFragment>
`;
