// Jest Snapshot v1, https://goo.gl/fbAQLP

exports[`matches snapshot 1`] = `
<DocumentFragment>
  <div>
    <h1
      class="logged-in-warning"
    >
      You must be logged in to access the jobs list
    </h1>
  </div>
</DocumentFragment>
`;
